// Jest Snapshot v1, https://goo.gl/fbAQLP

exports[`snapshot test - matches snapshot 1`] = `
<div>
  <div
    class="Card"
  >
    <h4
      class="Card-title"
    >
      captionTest
    </h4>
    <img
      alt="captionTest"
      class="Card-image"
      src="imageTest"
    />
    <small
      class="Card-small"
    >
      Image 
      1
       of 
      1
      .
    </small>
  </div>
</div>
`;
